[5studios.net/themes/five/index.html]
[backblue.gif]
[fade.gif]
[index.html]
[5studios.net/themes/five/apple-touch-icon.png]
[5studios.net/themes/five/favicon.ico]
[5studios.net/themes/five/css/vendor.css]
[5studios.net/themes/five/css/Five.css]
[5studios.net/themes/five/img/logo.png]
[5studios.net/themes/five/img/logo-light.png]
[5studios.net/themes/five/img/shps/shape-6.svg]
[5studios.net/themes/five/img/screens/app/1.png]
[5studios.net/themes/five/img/screens/app/2.png]
[5studios.net/themes/five/img/screens/app/3.png]
[5studios.net/themes/five/img/screens/app/4.png]
[5studios.net/themes/five/img/screens/app/5.png]
[5studios.net/themes/five/img/screens/app/6.png]
[5studios.net/themes/five/img/svg/apple.svg]
[5studios.net/themes/five/img/svg/google-play.svg]
[5studios.net/themes/five/img/shps/8.svg]
[5studios.net/themes/five/img/avatar/1.jpg]
[5studios.net/themes/five/img/avatar/2.jpg]
[5studios.net/themes/five/img/avatar/3.jpg]
[5studios.net/themes/five/img/avatar/4.jpg]
[5studios.net/themes/five/img/avatar/5.jpg]
[5studios.net/themes/five/img/svg/tools.svg]
[5studios.net/themes/five/img/svg/integration/2.svg]
[5studios.net/themes/five/img/svg/integration/1.svg]
[5studios.net/themes/five/img/svg/integration/3.svg]
[5studios.net/themes/five/img/svg/integration/4.svg]
[5studios.net/themes/five/img/svg/integration/5.svg]
[5studios.net/themes/five/img/svg/integration/6.svg]
[5studios.net/themes/five/img/svg/integration/7.svg]
[5studios.net/themes/five/img/svg/document.svg]
[5studios.net/themes/five/img/screens/section/1.png]
[5studios.net/themes/five/img/screens/section/2.png]
[5studios.net/themes/five/img/screens/section/3.png]
[5studios.net/themes/five/index-2.html]
[5studios.net/themes/five/img/demo/index.jpg]
[5studios.net/themes/five/1.html]
[5studios.net/themes/five/img/demo/1.jpg]
[5studios.net/themes/five/2.html]
[5studios.net/themes/five/img/demo/2.jpg]
[5studios.net/themes/five/3.html]
[5studios.net/themes/five/img/demo/3.jpg]
[5studios.net/themes/five/4.html]
[5studios.net/themes/five/img/demo/4.jpg]
[5studios.net/themes/five/5.html]
[5studios.net/themes/five/img/demo/5.jpg]
[5studios.net/themes/five/js/lib.js]
[5studios.net/themes/five/index.html]
[5studios.net/themes/five/js/Five.js]
[5studios.net/themes/five/webfonts/fa-brands-400.eot]
[5studios.net/themes/five/webfonts/fa-brands-400.woff2]
[5studios.net/themes/five/webfonts/fa-brands-400d41d.eot]
[5studios.net/themes/five/webfonts/fa-brands-400.woff]
[5studios.net/themes/five/webfonts/fa-brands-400.ttf]
[5studios.net/themes/five/webfonts/fa-regular-400.eot]
[5studios.net/themes/five/webfonts/fa-regular-400d41d.eot]
[5studios.net/themes/five/webfonts/fa-brands-400.svg]
[5studios.net/themes/five/webfonts/fa-regular-400.woff2]
[5studios.net/themes/five/webfonts/fa-regular-400.woff]
[5studios.net/themes/five/webfonts/fa-regular-400.ttf]
[5studios.net/themes/five/webfonts/fa-regular-400.svg]
[5studios.net/themes/five/webfonts/fa-solid-900.eot]
[5studios.net/themes/five/webfonts/fa-solid-900d41d.eot]
[5studios.net/themes/five/webfonts/fa-solid-900.woff2]
[5studios.net/themes/five/webfonts/fa-solid-900.woff]
[5studios.net/themes/five/webfonts/fa-solid-900.ttf]
[5studios.net/themes/five/css/vendor.css]
[5studios.net/themes/five/css/Five.css]
[5studios.net/themes/five/img/shps/shape-6.svg]
[5studios.net/themes/five/img/svg/apple.svg]
[5studios.net/themes/five/img/svg/google-play.svg]
[5studios.net/themes/five/img/shps/8.svg]
[5studios.net/themes/five/img/svg/tools.svg]
[5studios.net/themes/five/img/svg/integration/1.svg]
[5studios.net/themes/five/img/svg/integration/2.svg]
[5studios.net/themes/five/img/svg/integration/3.svg]
[5studios.net/themes/five/img/svg/integration/4.svg]
[5studios.net/themes/five/img/svg/integration/5.svg]
[5studios.net/themes/five/img/svg/integration/6.svg]
[5studios.net/themes/five/img/svg/integration/7.svg]
[5studios.net/themes/five/img/svg/document.svg]
[5studios.net/themes/five/index-2.html]
[5studios.net/themes/five/webfonts/fa-solid-900.svg]
[5studios.net/themes/five/img/logos/1.svg]
[5studios.net/themes/five/img/logos/2.svg]
[5studios.net/themes/five/img/logos/3.svg]
[5studios.net/themes/five/img/logos/4.svg]
[5studios.net/themes/five/img/logos/5.svg]
[5studios.net/themes/five/img/logos/6.svg]
[5studios.net/themes/five/img/logos/7.svg]
[5studios.net/themes/five/img/logos/8.svg]
[5studios.net/themes/five/img/icons/1.png]
[5studios.net/themes/five/img/icons/2.png]
[5studios.net/themes/five/img/icons/3.png]
[5studios.net/themes/five/img/svg/idea.svg]
[5studios.net/themes/five/img/bg/bubbles-light.jpg]
[5studios.net/themes/five/img/svg/headset.svg]
[5studios.net/themes/five/img/svg/code.svg]
[5studios.net/themes/five/img/svg/responsive.svg]
[5studios.net/themes/five/img/svg/browser.svg]
[5studios.net/themes/five/1.html]
[5studios.net/themes/five/img/svg/ootb.svg]
[5studios.net/themes/five/img/shps/shape-4.svg]
[5studios.net/themes/five/2.html]
[5studios.net/themes/five/3.html]
[5studios.net/themes/five/img/svg/customization.svg]
[5studios.net/themes/five/img/shps/shape-1.svg]
[5studios.net/themes/five/4.html]
[5studios.net/themes/five/5.html]
[5studios.net/themes/five/img/shps/shape-2.svg]
[5studios.net/themes/five/js/lib.js]
[5studios.net/themes/five/js/Five.js]
[5studios.net/themes/five/webfonts/fa-brands-400.svg]
[5studios.net/themes/five/webfonts/fa-regular-400.svg]
[5studios.net/themes/five/webfonts/fa-solid-900.svg]
[5studios.net/themes/five/img/logos/1.svg]
[5studios.net/themes/five/img/logos/2.svg]
[5studios.net/themes/five/img/logos/3.svg]
[5studios.net/themes/five/img/logos/4.svg]
[5studios.net/themes/five/img/logos/5.svg]
[5studios.net/themes/five/img/logos/6.svg]
[5studios.net/themes/five/img/logos/7.svg]
[5studios.net/themes/five/img/logos/8.svg]
[5studios.net/themes/five/img/svg/idea.svg]
[5studios.net/themes/five/img/svg/headset.svg]
[5studios.net/themes/five/img/svg/code.svg]
[5studios.net/themes/five/img/svg/responsive.svg]
[5studios.net/themes/five/img/svg/browser.svg]
[5studios.net/themes/five/img/svg/ootb.svg]
[5studios.net/themes/five/img/shps/shape-4.svg]
[5studios.net/themes/five/img/svg/customization.svg]
[5studios.net/themes/five/img/shps/shape-1.svg]
[5studios.net/themes/five/img/shps/shape-2.svg]
[5studios.net/themes/five/dist/index.html]
[5studios.net/themes/five/dist/index.html]
